Archive member included because of file (symbol)

c:/program files (x86)/codesourcery/sourcery g++ lite/bin/../lib/gcc/arm-none-eabi/4.5.2\libgcc.a(_thumb1_case_uqi.o)
                              obj/sram_pio.o (__gnu_thumb1_case_uqi)
c:/program files (x86)/codesourcery/sourcery g++ lite/bin/../lib/gcc/arm-none-eabi/4.5.2\libgcc.a(_udivsi3.o)
                              obj/sram_dbgu.o (__aeabi_uidiv)
c:/program files (x86)/codesourcery/sourcery g++ lite/bin/../lib/gcc/arm-none-eabi/4.5.2\libgcc.a(_dvmd_tls.o)
                              c:/program files (x86)/codesourcery/sourcery g++ lite/bin/../lib/gcc/arm-none-eabi/4.5.2\libgcc.a(_udivsi3.o) (__aeabi_idiv0)
c:/program files (x86)/codesourcery/sourcery g++ lite/bin/../lib/gcc/arm-none-eabi/4.5.2/../../../../arm-none-eabi/lib\libc.a(lib_a-memcpy.o)
                              obj/sram_stdio.o (memcpy)

Discarded input sections

 .text          0x00000000        0x0 c:/program files (x86)/codesourcery/sourcery g++ lite/bin/../lib/gcc/arm-none-eabi/4.5.2/crti.o
 .data          0x00000000        0x0 c:/program files (x86)/codesourcery/sourcery g++ lite/bin/../lib/gcc/arm-none-eabi/4.5.2/crti.o
 .bss           0x00000000        0x0 c:/program files (x86)/codesourcery/sourcery g++ lite/bin/../lib/gcc/arm-none-eabi/4.5.2/crti.o
 .init          0x00000000        0xc c:/program files (x86)/codesourcery/sourcery g++ lite/bin/../lib/gcc/arm-none-eabi/4.5.2/crti.o
 .fini          0x00000000        0xc c:/program files (x86)/codesourcery/sourcery g++ lite/bin/../lib/gcc/arm-none-eabi/4.5.2/crti.o
 .text          0x00000000       0x50 c:/program files (x86)/codesourcery/sourcery g++ lite/bin/../lib/gcc/arm-none-eabi/4.5.2/crtbegin.o
 .data          0x00000000        0x4 c:/program files (x86)/codesourcery/sourcery g++ lite/bin/../lib/gcc/arm-none-eabi/4.5.2/crtbegin.o
 .bss           0x00000000        0x1 c:/program files (x86)/codesourcery/sourcery g++ lite/bin/../lib/gcc/arm-none-eabi/4.5.2/crtbegin.o
 .init_array    0x00000000        0x4 c:/program files (x86)/codesourcery/sourcery g++ lite/bin/../lib/gcc/arm-none-eabi/4.5.2/crtbegin.o
 .fini_array    0x00000000        0x4 c:/program files (x86)/codesourcery/sourcery g++ lite/bin/../lib/gcc/arm-none-eabi/4.5.2/crtbegin.o
 .jcr           0x00000000        0x0 c:/program files (x86)/codesourcery/sourcery g++ lite/bin/../lib/gcc/arm-none-eabi/4.5.2/crtbegin.o
 .data          0x00000000        0x0 obj/sram_applet_cstartup.o
 .bss           0x00000000        0x0 obj/sram_applet_cstartup.o
 .text          0x00000000        0x0 obj/sram_main.o
 .data          0x00000000        0x0 obj/sram_main.o
 .bss           0x00000000        0x0 obj/sram_main.o
 .text          0x00000000        0x0 obj/sram_board_memories.o
 .data          0x00000000        0x0 obj/sram_board_memories.o
 .bss           0x00000000        0x0 obj/sram_board_memories.o
 .text.BOARD_RemapRom
                0x00000000        0xc obj/sram_board_memories.o
 .text.BOARD_RemapRam
                0x00000000        0xc obj/sram_board_memories.o
 .text.BOARD_ConfigureSdram48MHz
                0x00000000       0xe8 obj/sram_board_memories.o
 .text.BOARD_ConfigureNandFlash
                0x00000000       0x50 obj/sram_board_memories.o
 .text.BOARD_ConfigureNandFlash48MHz
                0x00000000       0x50 obj/sram_board_memories.o
 .text.BOARD_ConfigureNorFlash
                0x00000000       0x4c obj/sram_board_memories.o
 .text.BOARD_ConfigureNorFlash48MHz
                0x00000000       0x4c obj/sram_board_memories.o
 .text          0x00000000        0x0 obj/sram_board_lowlevel.o
 .data          0x00000000        0x0 obj/sram_board_lowlevel.o
 .bss           0x00000000        0x0 obj/sram_board_lowlevel.o
 .text.defaultSpuriousHandler
                0x00000000        0x4 obj/sram_board_lowlevel.o
 .text.defaultFiqHandler
                0x00000000        0x4 obj/sram_board_lowlevel.o
 .text.defaultIrqHandler
                0x00000000        0x4 obj/sram_board_lowlevel.o
 .text.LowLevelInit
                0x00000000       0xf0 obj/sram_board_lowlevel.o
 .text          0x00000000        0x0 obj/sram_dbgu.o
 .data          0x00000000        0x0 obj/sram_dbgu.o
 .bss           0x00000000        0x0 obj/sram_dbgu.o
 .text.DBGU_IsRxReady
                0x00000000       0x10 obj/sram_dbgu.o
 .text.DBGU_GetChar
                0x00000000       0x18 obj/sram_dbgu.o
 .text          0x00000000        0x0 obj/sram_pio.o
 .data          0x00000000        0x0 obj/sram_pio.o
 .bss           0x00000000        0x0 obj/sram_pio.o
 .text.PIO_Set  0x00000000        0x8 obj/sram_pio.o
 .text.PIO_Clear
                0x00000000        0x8 obj/sram_pio.o
 .text.PIO_Get  0x00000000       0x24 obj/sram_pio.o
 .text.PIO_GetOutputDataStatus
                0x00000000        0xe obj/sram_pio.o
 .text          0x00000000        0x0 obj/sram_stdio.o
 .data          0x00000000      0x430 obj/sram_stdio.o
 .bss           0x00000000        0x0 obj/sram_stdio.o
 .text.PutChar  0x00000000        0x6 obj/sram_stdio.o
 .text.PutString
                0x00000000       0x16 obj/sram_stdio.o
 .text.PutUnsignedInt
                0x00000000       0x80 obj/sram_stdio.o
 .text.PutSignedInt
                0x00000000       0xa8 obj/sram_stdio.o
 .text.PutHexa  0x00000000       0x78 obj/sram_stdio.o
 .text.vsnprintf
                0x00000000      0x134 obj/sram_stdio.o
 .text.snprintf
                0x00000000       0x20 obj/sram_stdio.o
 .text.vsprintf
                0x00000000       0x20 obj/sram_stdio.o
 .text.vfprintf
                0x00000000       0x60 obj/sram_stdio.o
 .text.vprintf  0x00000000       0x28 obj/sram_stdio.o
 .text.fprintf  0x00000000       0x20 obj/sram_stdio.o
 .text.printf   0x00000000       0x20 obj/sram_stdio.o
 .text.sprintf  0x00000000       0x20 obj/sram_stdio.o
 .text.puts     0x00000000       0x20 obj/sram_stdio.o
 .rodata.str1.1
                0x00000000       0x24 obj/sram_stdio.o
 .text          0x00000000        0x0 obj/sram_trace.o
 .data          0x00000000        0x0 obj/sram_trace.o
 .bss           0x00000000        0x0 obj/sram_trace.o
 .text.PrintChar
                0x00000000       0x30 obj/sram_trace.o
 .text.fputc    0x00000000       0x38 obj/sram_trace.o
 .text.fputs    0x00000000       0x34 obj/sram_trace.o
 .text.putchar  0x00000000       0x20 obj/sram_trace.o
 .text.TRACE_DumpFrame
                0x00000000       0x38 obj/sram_trace.o
 .text.TRACE_DumpMemory
                0x00000000      0x110 obj/sram_trace.o
 .text.TRACE_GetInteger
                0x00000000       0x90 obj/sram_trace.o
 .text.TRACE_GetIntegerMinMax
                0x00000000       0x58 obj/sram_trace.o
 .text.TRACE_GetHexa32
                0x00000000       0x90 obj/sram_trace.o
 .rodata.str1.1
                0x00000000       0xcc obj/sram_trace.o
 .data          0x00000000        0x0 c:/program files (x86)/codesourcery/sourcery g++ lite/bin/../lib/gcc/arm-none-eabi/4.5.2\libgcc.a(_thumb1_case_uqi.o)
 .bss           0x00000000        0x0 c:/program files (x86)/codesourcery/sourcery g++ lite/bin/../lib/gcc/arm-none-eabi/4.5.2\libgcc.a(_thumb1_case_uqi.o)
 .data          0x00000000        0x0 c:/program files (x86)/codesourcery/sourcery g++ lite/bin/../lib/gcc/arm-none-eabi/4.5.2\libgcc.a(_udivsi3.o)
 .bss           0x00000000        0x0 c:/program files (x86)/codesourcery/sourcery g++ lite/bin/../lib/gcc/arm-none-eabi/4.5.2\libgcc.a(_udivsi3.o)
 .data          0x00000000        0x0 c:/program files (x86)/codesourcery/sourcery g++ lite/bin/../lib/gcc/arm-none-eabi/4.5.2\libgcc.a(_dvmd_tls.o)
 .bss           0x00000000        0x0 c:/program files (x86)/codesourcery/sourcery g++ lite/bin/../lib/gcc/arm-none-eabi/4.5.2\libgcc.a(_dvmd_tls.o)
 .text          0x00000000      0x1c0 c:/program files (x86)/codesourcery/sourcery g++ lite/bin/../lib/gcc/arm-none-eabi/4.5.2/../../../../arm-none-eabi/lib\libc.a(lib_a-memcpy.o)
 .data          0x00000000        0x0 c:/program files (x86)/codesourcery/sourcery g++ lite/bin/../lib/gcc/arm-none-eabi/4.5.2/../../../../arm-none-eabi/lib\libc.a(lib_a-memcpy.o)
 .bss           0x00000000        0x0 c:/program files (x86)/codesourcery/sourcery g++ lite/bin/../lib/gcc/arm-none-eabi/4.5.2/../../../../arm-none-eabi/lib\libc.a(lib_a-memcpy.o)
 .text          0x00000000        0x0 c:/program files (x86)/codesourcery/sourcery g++ lite/bin/../lib/gcc/arm-none-eabi/4.5.2/crtend.o
 .data          0x00000000        0x0 c:/program files (x86)/codesourcery/sourcery g++ lite/bin/../lib/gcc/arm-none-eabi/4.5.2/crtend.o
 .bss           0x00000000        0x0 c:/program files (x86)/codesourcery/sourcery g++ lite/bin/../lib/gcc/arm-none-eabi/4.5.2/crtend.o
 .jcr           0x00000000        0x4 c:/program files (x86)/codesourcery/sourcery g++ lite/bin/../lib/gcc/arm-none-eabi/4.5.2/crtend.o
 .text          0x00000000        0x0 c:/program files (x86)/codesourcery/sourcery g++ lite/bin/../lib/gcc/arm-none-eabi/4.5.2/crtn.o
 .data          0x00000000        0x0 c:/program files (x86)/codesourcery/sourcery g++ lite/bin/../lib/gcc/arm-none-eabi/4.5.2/crtn.o
 .bss           0x00000000        0x0 c:/program files (x86)/codesourcery/sourcery g++ lite/bin/../lib/gcc/arm-none-eabi/4.5.2/crtn.o
 .init          0x00000000        0xc c:/program files (x86)/codesourcery/sourcery g++ lite/bin/../lib/gcc/arm-none-eabi/4.5.2/crtn.o
 .fini          0x00000000        0xc c:/program files (x86)/codesourcery/sourcery g++ lite/bin/../lib/gcc/arm-none-eabi/4.5.2/crtn.o

Memory Configuration

Name             Origin             Length             Attributes
romcodesram      0x00300000         0x00001000         w !xr
sram0            0x00200000         0x00001000         w !xr
sram1            0x00300000         0x00001000         w !xr
sdram            0x20000000         0x04000000         w !xr
*default*        0x00000000         0xffffffff

Linker script and memory map

LOAD c:/program files (x86)/codesourcery/sourcery g++ lite/bin/../lib/gcc/arm-none-eabi/4.5.2/crti.o
LOAD c:/program files (x86)/codesourcery/sourcery g++ lite/bin/../lib/gcc/arm-none-eabi/4.5.2/crtbegin.o
LOAD obj/sram_applet_cstartup.o
LOAD obj/sram_main.o
LOAD obj/sram_board_memories.o
LOAD obj/sram_board_lowlevel.o
LOAD obj/sram_dbgu.o
LOAD obj/sram_pio.o
LOAD obj/sram_stdio.o
LOAD obj/sram_trace.o
START GROUP
LOAD c:/program files (x86)/codesourcery/sourcery g++ lite/bin/../lib/gcc/arm-none-eabi/4.5.2\libgcc.a
LOAD c:/program files (x86)/codesourcery/sourcery g++ lite/bin/../lib/gcc/arm-none-eabi/4.5.2/../../../../arm-none-eabi/lib\libc.a
END GROUP
LOAD c:/program files (x86)/codesourcery/sourcery g++ lite/bin/../lib/gcc/arm-none-eabi/4.5.2/crtend.o
LOAD c:/program files (x86)/codesourcery/sourcery g++ lite/bin/../lib/gcc/arm-none-eabi/4.5.2/crtn.o

.fixed0         0x00200000      0x520
                0x00200000                . = ALIGN (0x4)
                0x00200000                _sfixed0 = .
 *(.vectors)
 *(.text*)
 .text          0x00200000       0xf0 obj/sram_applet_cstartup.o
                0x00200000                entry
 .text.main     0x002000f0       0xe8 obj/sram_main.o
                0x002000f0                main
 .text.BOARD_ConfigureSdram
                0x002001d8       0xec obj/sram_board_memories.o
                0x002001d8                BOARD_ConfigureSdram
 .text.DBGU_Configure
                0x002002c4       0x40 obj/sram_dbgu.o
                0x002002c4                DBGU_Configure
 .text.DBGU_PutChar
                0x00200304       0x20 obj/sram_dbgu.o
                0x00200304                DBGU_PutChar
 .text.PIO_Configure
                0x00200324       0xb8 obj/sram_pio.o
                0x00200324                PIO_Configure
 .text          0x002003dc       0x14 c:/program files (x86)/codesourcery/sourcery g++ lite/bin/../lib/gcc/arm-none-eabi/4.5.2\libgcc.a(_thumb1_case_uqi.o)
                0x002003dc                __gnu_thumb1_case_uqi
 .text          0x002003f0      0x114 c:/program files (x86)/codesourcery/sourcery g++ lite/bin/../lib/gcc/arm-none-eabi/4.5.2\libgcc.a(_udivsi3.o)
                0x002003f0                __aeabi_uidiv
                0x002003f0                __udivsi3
                0x002004e4                __aeabi_uidivmod
 .text          0x00200504        0x4 c:/program files (x86)/codesourcery/sourcery g++ lite/bin/../lib/gcc/arm-none-eabi/4.5.2\libgcc.a(_dvmd_tls.o)
                0x00200504                __aeabi_idiv0
                0x00200504                __aeabi_ldiv0
 *(.rodata*)
 .rodata        0x00200508       0x18 obj/sram_board_memories.o
 *(.data)
 *(.CP15_*)
 *(.glue_7)
 .glue_7        0x00000000        0x0 linker stubs
 *(.glue_7t)
 .glue_7t       0x00000000        0x0 linker stubs
                0x00200520                . = ALIGN (0x4)
                0x00200520                _efixed0 = .
                0x00200520                _efixed = .

.vfp11_veneer   0x00200520        0x0
 .vfp11_veneer  0x00000000        0x0 linker stubs

.v4_bx          0x00200520        0x0
 .v4_bx         0x00000000        0x0 linker stubs

.fixed1         0x00200520        0x0
                0x00200520                . = ALIGN (0x4)
                0x00200520                _sfixed1 = .
                0x00200520                . = ALIGN (0x4)
                0x00200520                _efixed1 = .

.prerelocate    0x00000000        0x0 load address 0x00200520
                0x00000000                . = ALIGN (0x4)
                0x00000000                _sprerelocate = .
                0x00000000                . = ALIGN (0x4)
                0x00000000                _eprerelocate = .

.postrelocate   0x00000000        0x0 load address 0x00200520
                0x00000000                . = ALIGN (0x4)
                0x00000000                _spostrelocate = .
                0x00000000                . = ALIGN (0x4)
                0x00000000                _epostrelocate = .

.bss            0x00200520        0x0
                0x00200520                _szero = .
 *(.bss)
                0x00200520                . = ALIGN (0x4)
                0x00200520                _ezero = .
                0x00301000                _sstack = 0x301000
                0x00200520                end = .
OUTPUT(bin/applet-extram-at91sam9260.elf elf32-littlearm)

.ARM.attributes
                0x00000000       0x30
 .ARM.attributes
                0x00000000       0x16 c:/program files (x86)/codesourcery/sourcery g++ lite/bin/../lib/gcc/arm-none-eabi/4.5.2/crti.o
 .ARM.attributes
                0x00000016       0x34 c:/program files (x86)/codesourcery/sourcery g++ lite/bin/../lib/gcc/arm-none-eabi/4.5.2/crtbegin.o
 .ARM.attributes
                0x0000004a       0x18 obj/sram_applet_cstartup.o
 .ARM.attributes
                0x00000062       0x34 obj/sram_main.o
 .ARM.attributes
                0x00000096       0x34 obj/sram_board_memories.o
 .ARM.attributes
                0x000000ca       0x34 obj/sram_board_lowlevel.o
 .ARM.attributes
                0x000000fe       0x34 obj/sram_dbgu.o
 .ARM.attributes
                0x00000132       0x34 obj/sram_pio.o
 .ARM.attributes
                0x00000166       0x34 obj/sram_stdio.o
 .ARM.attributes
                0x0000019a       0x34 obj/sram_trace.o
 .ARM.attributes
                0x000001ce       0x18 c:/program files (x86)/codesourcery/sourcery g++ lite/bin/../lib/gcc/arm-none-eabi/4.5.2\libgcc.a(_thumb1_case_uqi.o)
 .ARM.attributes
                0x000001e6       0x1a c:/program files (x86)/codesourcery/sourcery g++ lite/bin/../lib/gcc/arm-none-eabi/4.5.2\libgcc.a(_udivsi3.o)
 .ARM.attributes
                0x00000200       0x18 c:/program files (x86)/codesourcery/sourcery g++ lite/bin/../lib/gcc/arm-none-eabi/4.5.2\libgcc.a(_dvmd_tls.o)
 .ARM.attributes
                0x00000218       0x34 c:/program files (x86)/codesourcery/sourcery g++ lite/bin/../lib/gcc/arm-none-eabi/4.5.2/../../../../arm-none-eabi/lib\libc.a(lib_a-memcpy.o)
 .ARM.attributes
                0x0000024c       0x34 c:/program files (x86)/codesourcery/sourcery g++ lite/bin/../lib/gcc/arm-none-eabi/4.5.2/crtend.o
 .ARM.attributes
                0x00000280       0x18 c:/program files (x86)/codesourcery/sourcery g++ lite/bin/../lib/gcc/arm-none-eabi/4.5.2/crtn.o

.comment        0x00000000       0x2a
 .comment       0x00000000       0x2a obj/sram_main.o
                                 0x2b (size before relaxing)
 .comment       0x00000000       0x2b obj/sram_board_memories.o
 .comment       0x00000000       0x2b obj/sram_board_lowlevel.o
 .comment       0x00000000       0x2b obj/sram_dbgu.o
 .comment       0x00000000       0x2b obj/sram_pio.o
 .comment       0x00000000       0x2b obj/sram_stdio.o
 .comment       0x00000000       0x2b obj/sram_trace.o

.debug_line     0x00000000      0xd84
 .debug_line    0x00000000       0x65 obj/sram_applet_cstartup.o
 .debug_line    0x00000065       0xb5 obj/sram_main.o
 .debug_line    0x0000011a      0x200 obj/sram_board_memories.o
 .debug_line    0x0000031a      0x116 obj/sram_board_lowlevel.o
 .debug_line    0x00000430       0xea obj/sram_dbgu.o
 .debug_line    0x0000051a      0x13f obj/sram_pio.o
 .debug_line    0x00000659      0x3d8 obj/sram_stdio.o
 .debug_line    0x00000a31      0x353 obj/sram_trace.o

.debug_info     0x00000000     0x384b
 .debug_info    0x00000000       0x82 obj/sram_applet_cstartup.o
 .debug_info    0x00000082      0x328 obj/sram_main.o
 .debug_info    0x000003aa      0xaa3 obj/sram_board_memories.o
 .debug_info    0x00000e4d      0x505 obj/sram_board_lowlevel.o
 .debug_info    0x00001352      0x297 obj/sram_dbgu.o
 .debug_info    0x000015e9      0x77c obj/sram_pio.o
 .debug_info    0x00001d65      0xedb obj/sram_stdio.o
 .debug_info    0x00002c40      0xc0b obj/sram_trace.o

.debug_abbrev   0x00000000      0xaef
 .debug_abbrev  0x00000000       0x14 obj/sram_applet_cstartup.o
 .debug_abbrev  0x00000014      0x171 obj/sram_main.o
 .debug_abbrev  0x00000185      0x16c obj/sram_board_memories.o
 .debug_abbrev  0x000002f1       0xb8 obj/sram_board_lowlevel.o
 .debug_abbrev  0x000003a9       0xe0 obj/sram_dbgu.o
 .debug_abbrev  0x00000489      0x18b obj/sram_pio.o
 .debug_abbrev  0x00000614      0x2ac obj/sram_stdio.o
 .debug_abbrev  0x000008c0      0x22f obj/sram_trace.o

.debug_aranges  0x00000000      0x230
 .debug_aranges
                0x00000000       0x20 obj/sram_applet_cstartup.o
 .debug_aranges
                0x00000020       0x20 obj/sram_main.o
 .debug_aranges
                0x00000040       0x58 obj/sram_board_memories.o
 .debug_aranges
                0x00000098       0x38 obj/sram_board_lowlevel.o
 .debug_aranges
                0x000000d0       0x38 obj/sram_dbgu.o
 .debug_aranges
                0x00000108       0x40 obj/sram_pio.o
 .debug_aranges
                0x00000148       0x88 obj/sram_stdio.o
 .debug_aranges
                0x000001d0       0x60 obj/sram_trace.o

.debug_loc      0x00000000     0x154d
 .debug_loc     0x00000000      0x187 obj/sram_main.o
 .debug_loc     0x00000187      0x1ea obj/sram_board_memories.o
 .debug_loc     0x00000371       0xf4 obj/sram_board_lowlevel.o
 .debug_loc     0x00000465       0xb1 obj/sram_dbgu.o
 .debug_loc     0x00000516      0x1e4 obj/sram_pio.o
 .debug_loc     0x000006fa      0x942 obj/sram_stdio.o
 .debug_loc     0x0000103c      0x511 obj/sram_trace.o

.debug_pubnames
                0x00000000      0x3ae
 .debug_pubnames
                0x00000000       0x1b obj/sram_main.o
 .debug_pubnames
                0x0000001b       0xeb obj/sram_board_memories.o
 .debug_pubnames
                0x00000106       0x6a obj/sram_board_lowlevel.o
 .debug_pubnames
                0x00000170       0x5a obj/sram_dbgu.o
 .debug_pubnames
                0x000001ca       0x66 obj/sram_pio.o
 .debug_pubnames
                0x00000230       0xdf obj/sram_stdio.o
 .debug_pubnames
                0x0000030f       0x9f obj/sram_trace.o

.debug_pubtypes
                0x00000000      0x444
 .debug_pubtypes
                0x00000000       0x3f obj/sram_main.o
 .debug_pubtypes
                0x0000003f       0xcc obj/sram_board_memories.o
 .debug_pubtypes
                0x0000010b       0xae obj/sram_board_lowlevel.o
 .debug_pubtypes
                0x000001b9       0x32 obj/sram_dbgu.o
 .debug_pubtypes
                0x000001eb       0x55 obj/sram_pio.o
 .debug_pubtypes
                0x00000240      0x11e obj/sram_stdio.o
 .debug_pubtypes
                0x0000035e       0xe6 obj/sram_trace.o

.debug_ranges   0x00000000      0x1a0
 .debug_ranges  0x00000000       0x10 obj/sram_main.o
 .debug_ranges  0x00000010       0x48 obj/sram_board_memories.o
 .debug_ranges  0x00000058       0x28 obj/sram_board_lowlevel.o
 .debug_ranges  0x00000080       0x28 obj/sram_dbgu.o
 .debug_ranges  0x000000a8       0x30 obj/sram_pio.o
 .debug_ranges  0x000000d8       0x78 obj/sram_stdio.o
 .debug_ranges  0x00000150       0x50 obj/sram_trace.o

.debug_str      0x00000000     0x11d4
 .debug_str     0x00000000      0x1b5 obj/sram_main.o
                                0x1ee (size before relaxing)
 .debug_str     0x000001b5      0x611 obj/sram_board_memories.o
                                0x69c (size before relaxing)
 .debug_str     0x000007c6      0x291 obj/sram_board_lowlevel.o
                                0x327 (size before relaxing)
 .debug_str     0x00000a57      0x152 obj/sram_dbgu.o
                                0x1ca (size before relaxing)
 .debug_str     0x00000ba9       0xdd obj/sram_pio.o
                                0x35a (size before relaxing)
 .debug_str     0x00000c86      0x48a obj/sram_stdio.o
                                0x5b5 (size before relaxing)
 .debug_str     0x00001110       0xc4 obj/sram_trace.o
                                0x575 (size before relaxing)

.debug_frame    0x00000000      0x54c
 .debug_frame   0x00000000       0x2c obj/sram_main.o
 .debug_frame   0x0000002c       0xc8 obj/sram_board_memories.o
 .debug_frame   0x000000f4       0x70 obj/sram_board_lowlevel.o
 .debug_frame   0x00000164       0x6c obj/sram_dbgu.o
 .debug_frame   0x000001d0       0x78 obj/sram_pio.o
 .debug_frame   0x00000248      0x1a0 obj/sram_stdio.o
 .debug_frame   0x000003e8      0x114 obj/sram_trace.o
 .debug_frame   0x000004fc       0x20 c:/program files (x86)/codesourcery/sourcery g++ lite/bin/../lib/gcc/arm-none-eabi/4.5.2\libgcc.a(_udivsi3.o)
 .debug_frame   0x0000051c       0x30 c:/program files (x86)/codesourcery/sourcery g++ lite/bin/../lib/gcc/arm-none-eabi/4.5.2/../../../../arm-none-eabi/lib\libc.a(lib_a-memcpy.o)
