Archive member included because of file (symbol)

c:/program files/codesourcery/sourcery g++ lite/bin/../lib/gcc/arm-none-eabi/4.5.2\libgcc.a(_udivsi3.o)
                              obj/sdram_stdio.o (__aeabi_uidiv)
c:/program files/codesourcery/sourcery g++ lite/bin/../lib/gcc/arm-none-eabi/4.5.2\libgcc.a(_dvmd_tls.o)
                              c:/program files/codesourcery/sourcery g++ lite/bin/../lib/gcc/arm-none-eabi/4.5.2\libgcc.a(_udivsi3.o) (__aeabi_idiv0)
c:/program files/codesourcery/sourcery g++ lite/bin/../lib/gcc/arm-none-eabi/4.5.2/../../../../arm-none-eabi/lib\libc.a(lib_a-memcpy.o)
                              obj/sdram_main.o (memcpy)

Discarded input sections

 .data          0x00000000        0x0 obj/sdram_applet_cstartup.o
 .bss           0x00000000        0x0 obj/sdram_applet_cstartup.o
 .text          0x00000000        0x0 obj/sdram_main.o
 .text          0x00000000        0x0 obj/sdram_NorFlashCommon.o
 .data          0x00000000        0x0 obj/sdram_NorFlashCommon.o
 .bss           0x00000000        0x0 obj/sdram_NorFlashCommon.o
 .text          0x00000000        0x0 obj/sdram_NorFlashCFI.o
 .data          0x00000000        0x0 obj/sdram_NorFlashCFI.o
 .bss           0x00000000        0x0 obj/sdram_NorFlashCFI.o
 .text.NorFlash_GetDeviceMinBlockSize
                0x00000000       0x48 obj/sdram_NorFlashCFI.o
 .text.NorFlash_GetDeviceBlockSize
                0x00000000       0x88 obj/sdram_NorFlashCFI.o
 .text          0x00000000        0x0 obj/sdram_NorFlashApi.o
 .data          0x00000000        0x0 obj/sdram_NorFlashApi.o
 .bss           0x00000000        0x0 obj/sdram_NorFlashApi.o
 .text          0x00000000        0x0 obj/sdram_NorFlashAmd.o
 .data          0x00000000        0x0 obj/sdram_NorFlashAmd.o
 .bss           0x00000000        0x0 obj/sdram_NorFlashAmd.o
 .text          0x00000000        0x0 obj/sdram_NorFlashIntel.o
 .data          0x00000000        0x0 obj/sdram_NorFlashIntel.o
 .bss           0x00000000        0x0 obj/sdram_NorFlashIntel.o
 .text          0x00000000        0x0 obj/sdram_math.o
 .data          0x00000000        0x0 obj/sdram_math.o
 .bss           0x00000000        0x0 obj/sdram_math.o
 .text.min      0x00000000        0xc obj/sdram_math.o
 .text.absv     0x00000000        0xc obj/sdram_math.o
 .text.power    0x00000000       0x20 obj/sdram_math.o
 .text          0x00000000        0x0 obj/sdram_stdio.o
 .bss           0x00000000        0x0 obj/sdram_stdio.o
 .text.snprintf
                0x00000000       0x30 obj/sdram_stdio.o
 .text.fprintf  0x00000000       0x30 obj/sdram_stdio.o
 .text.sprintf  0x00000000       0x30 obj/sdram_stdio.o
 .text.puts     0x00000000       0x2c obj/sdram_stdio.o
 .text          0x00000000        0x0 obj/sdram_trace.o
 .bss           0x00000000        0x0 obj/sdram_trace.o
 .text.PrintChar
                0x00000000       0x30 obj/sdram_trace.o
 .text.putchar  0x00000000       0x2c obj/sdram_trace.o
 .text.TRACE_DumpFrame
                0x00000000       0x54 obj/sdram_trace.o
 .text.TRACE_DumpMemory
                0x00000000      0x1b4 obj/sdram_trace.o
 .text.TRACE_GetInteger
                0x00000000       0xd4 obj/sdram_trace.o
 .text.TRACE_GetIntegerMinMax
                0x00000000       0x94 obj/sdram_trace.o
 .text.TRACE_GetHexa32
                0x00000000       0xc8 obj/sdram_trace.o
 .rodata.str1.1
                0x00000000       0xcc obj/sdram_trace.o
 .text          0x00000000        0x0 obj/sdram_dbgu.o
 .data          0x00000000        0x0 obj/sdram_dbgu.o
 .bss           0x00000000        0x0 obj/sdram_dbgu.o
 .text.DBGU_IsRxReady
                0x00000000       0x10 obj/sdram_dbgu.o
 .text.DBGU_GetChar
                0x00000000       0x1c obj/sdram_dbgu.o
 .text          0x00000000        0x0 obj/sdram_pio.o
 .data          0x00000000        0x0 obj/sdram_pio.o
 .bss           0x00000000        0x0 obj/sdram_pio.o
 .text.PIO_Set  0x00000000        0xc obj/sdram_pio.o
 .text.PIO_Clear
                0x00000000        0xc obj/sdram_pio.o
 .text.PIO_Get  0x00000000       0x28 obj/sdram_pio.o
 .text.PIO_GetOutputDataStatus
                0x00000000       0x1c obj/sdram_pio.o
 .text          0x00000000        0x0 obj/sdram_board_memories.o
 .data          0x00000000        0x0 obj/sdram_board_memories.o
 .bss           0x00000000        0x0 obj/sdram_board_memories.o
 .text.BOARD_RemapRom
                0x00000000       0x10 obj/sdram_board_memories.o
 .text.BOARD_RemapRam
                0x00000000       0x10 obj/sdram_board_memories.o
 .text.BOARD_ConfigureSdram
                0x00000000      0x160 obj/sdram_board_memories.o
 .text.BOARD_ConfigureSdram48MHz
                0x00000000      0x150 obj/sdram_board_memories.o
 .text.BOARD_ConfigureNandFlash
                0x00000000       0x68 obj/sdram_board_memories.o
 .text.BOARD_ConfigureNandFlash48MHz
                0x00000000       0x68 obj/sdram_board_memories.o
 .text.BOARD_ConfigureNorFlash48MHz
                0x00000000       0x64 obj/sdram_board_memories.o
 .rodata        0x00000000       0x18 obj/sdram_board_memories.o
 .text          0x00000000        0x0 obj/sdram_board_lowlevel.o
 .data          0x00000000        0x0 obj/sdram_board_lowlevel.o
 .bss           0x00000000        0x0 obj/sdram_board_lowlevel.o
 .text.defaultSpuriousHandler
                0x00000000        0x4 obj/sdram_board_lowlevel.o
 .text.defaultFiqHandler
                0x00000000        0x4 obj/sdram_board_lowlevel.o
 .text.defaultIrqHandler
                0x00000000        0x4 obj/sdram_board_lowlevel.o
 .text.LowLevelInit
                0x00000000       0xc0 obj/sdram_board_lowlevel.o
 .data          0x00000000        0x0 c:/program files/codesourcery/sourcery g++ lite/bin/../lib/gcc/arm-none-eabi/4.5.2\libgcc.a(_udivsi3.o)
 .bss           0x00000000        0x0 c:/program files/codesourcery/sourcery g++ lite/bin/../lib/gcc/arm-none-eabi/4.5.2\libgcc.a(_udivsi3.o)
 .data          0x00000000        0x0 c:/program files/codesourcery/sourcery g++ lite/bin/../lib/gcc/arm-none-eabi/4.5.2\libgcc.a(_dvmd_tls.o)
 .bss           0x00000000        0x0 c:/program files/codesourcery/sourcery g++ lite/bin/../lib/gcc/arm-none-eabi/4.5.2\libgcc.a(_dvmd_tls.o)
 .data          0x00000000        0x0 c:/program files/codesourcery/sourcery g++ lite/bin/../lib/gcc/arm-none-eabi/4.5.2/../../../../arm-none-eabi/lib\libc.a(lib_a-memcpy.o)
 .bss           0x00000000        0x0 c:/program files/codesourcery/sourcery g++ lite/bin/../lib/gcc/arm-none-eabi/4.5.2/../../../../arm-none-eabi/lib\libc.a(lib_a-memcpy.o)

Memory Configuration

Name             Origin             Length             Attributes
sram0            0x00200000         0x00001000         w !xr
sram1            0x00300000         0x00001000         w !xr
sdram            0x20000000         0x02000000         w !xr
*default*        0x00000000         0xffffffff

Linker script and memory map

LOAD obj/sdram_applet_cstartup.o
LOAD obj/sdram_main.o
LOAD obj/sdram_NorFlashCommon.o
LOAD obj/sdram_NorFlashCFI.o
LOAD obj/sdram_NorFlashApi.o
LOAD obj/sdram_NorFlashAmd.o
LOAD obj/sdram_NorFlashIntel.o
LOAD obj/sdram_math.o
LOAD obj/sdram_stdio.o
LOAD obj/sdram_trace.o
LOAD obj/sdram_dbgu.o
LOAD obj/sdram_pio.o
LOAD obj/sdram_board_memories.o
LOAD obj/sdram_board_lowlevel.o
START GROUP
LOAD c:/program files/codesourcery/sourcery g++ lite/bin/../lib/gcc/arm-none-eabi/4.5.2\libgcc.a
LOAD c:/program files/codesourcery/sourcery g++ lite/bin/../lib/gcc/arm-none-eabi/4.5.2/../../../../arm-none-eabi/lib\libc.a
END GROUP

.fixed          0x20000000     0x38b4
                0x20000000                . = ALIGN (0x4)
                0x20000000                _sfixed = .
 *(.text*)
 .text          0x20000000       0xf0 obj/sdram_applet_cstartup.o
                0x20000000                entry
 .text.main     0x200000f0      0x73c obj/sdram_main.o
                0x200000f0                main
 .text.WriteCommand
                0x2000082c       0x30 obj/sdram_NorFlashCommon.o
                0x2000082c                WriteCommand
 .text.ReadRawData
                0x2000085c       0x30 obj/sdram_NorFlashCommon.o
                0x2000085c                ReadRawData
 .text.WriteRawData
                0x2000088c       0x30 obj/sdram_NorFlashCommon.o
                0x2000088c                WriteRawData
 .text.NorFlash_CFI_DumpConfigruation
                0x200008bc      0x458 obj/sdram_NorFlashCFI.o
                0x200008bc                NorFlash_CFI_DumpConfigruation
 .text.NorFlash_GetDeviceNumOfBlocks
                0x20000d14       0x4c obj/sdram_NorFlashCFI.o
                0x20000d14                NorFlash_GetDeviceNumOfBlocks
 .text.NorFlash_GetDeviceMaxBlockSize
                0x20000d60       0x48 obj/sdram_NorFlashCFI.o
                0x20000d60                NorFlash_GetDeviceMaxBlockSize
 .text.NorFlash_GetDeviceSectorInRegion
                0x20000da8       0x98 obj/sdram_NorFlashCFI.o
                0x20000da8                NorFlash_GetDeviceSectorInRegion
 .text.NorFlash_GetDeviceSectorAddress
                0x20000e40       0x98 obj/sdram_NorFlashCFI.o
                0x20000e40                NorFlash_GetDeviceSectorAddress
 .text.NorFlash_GetByteAddress
                0x20000ed8        0xc obj/sdram_NorFlashCFI.o
                0x20000ed8                NorFlash_GetByteAddress
 .text.NorFlash_GetByteAddressInChip
                0x20000ee4       0x10 obj/sdram_NorFlashCFI.o
                0x20000ee4                NorFlash_GetByteAddressInChip
 .text.NorFlash_GetAddressInChip
                0x20000ef4        0xc obj/sdram_NorFlashCFI.o
                0x20000ef4                NorFlash_GetAddressInChip
 .text.NorFlash_GetDataBusWidth
                0x20000f00       0x10 obj/sdram_NorFlashCFI.o
                0x20000f00                NorFlash_GetDataBusWidth
 .text.NorFlash_GetDeviceSizeInBytes
                0x20000f10       0x14 obj/sdram_NorFlashCFI.o
                0x20000f10                NorFlash_GetDeviceSizeInBytes
 .text.NorFlash_CFI_Detect
                0x20000f24      0x12c obj/sdram_NorFlashCFI.o
                0x20000f24                NorFlash_CFI_Detect
 .text.NORFLASH_Reset
                0x20001050       0x1c obj/sdram_NorFlashApi.o
                0x20001050                NORFLASH_Reset
 .text.NORFLASH_ReadManufactoryID
                0x2000106c       0x1c obj/sdram_NorFlashApi.o
                0x2000106c                NORFLASH_ReadManufactoryID
 .text.NORFLASH_ReadDeviceID
                0x20001088       0x1c obj/sdram_NorFlashApi.o
                0x20001088                NORFLASH_ReadDeviceID
 .text.NORFLASH_EraseSector
                0x200010a4       0x1c obj/sdram_NorFlashApi.o
                0x200010a4                NORFLASH_EraseSector
 .text.NORFLASH_EraseChip
                0x200010c0       0x1c obj/sdram_NorFlashApi.o
                0x200010c0                NORFLASH_EraseChip
 .text.NORFLASH_WriteData
                0x200010dc       0x1c obj/sdram_NorFlashApi.o
                0x200010dc                NORFLASH_WriteData
 .text.NORFLASH_ReadData
                0x200010f8       0xbc obj/sdram_NorFlashApi.o
                0x200010f8                NORFLASH_ReadData
 .text.amd_Reset
                0x200011b4       0xa8 obj/sdram_NorFlashAmd.o
                0x200011b4                amd_Reset
 .text.amd_ReadIdentification
                0x2000125c      0x148 obj/sdram_NorFlashAmd.o
                0x2000125c                amd_ReadIdentification
 .text.amd_Program
                0x200013a4      0x170 obj/sdram_NorFlashAmd.o
                0x200013a4                amd_Program
 .text.AMD_Reset
                0x20001514       0x1c obj/sdram_NorFlashAmd.o
                0x20001514                AMD_Reset
 .text.AMD_ReadManufactoryId
                0x20001530       0x20 obj/sdram_NorFlashAmd.o
                0x20001530                AMD_ReadManufactoryId
 .text.AMD_ReadDeviceID
                0x20001550       0x20 obj/sdram_NorFlashAmd.o
                0x20001550                AMD_ReadDeviceID
 .text.AMD_EraseSector
                0x20001570      0x198 obj/sdram_NorFlashAmd.o
                0x20001570                AMD_EraseSector
 .text.AMD_EraseChip
                0x20001708      0x1a8 obj/sdram_NorFlashAmd.o
                0x20001708                AMD_EraseChip
 .text.AMD_Write_Data
                0x200018b0      0x104 obj/sdram_NorFlashAmd.o
                0x200018b0                AMD_Write_Data
 .text.intel_Reset
                0x200019b4       0x5c obj/sdram_NorFlashIntel.o
                0x200019b4                intel_Reset
 .text.intel_ReadIdentification
                0x20001a10       0xa8 obj/sdram_NorFlashIntel.o
                0x20001a10                intel_ReadIdentification
 .text.intel_ReadStatus
                0x20001ab8       0x80 obj/sdram_NorFlashIntel.o
                0x20001ab8                intel_ReadStatus
 .text.intel_ClearStatus
                0x20001b38       0x58 obj/sdram_NorFlashIntel.o
                0x20001b38                intel_ClearStatus
 .text.intel_UnlockSector
                0x20001b90       0x9c obj/sdram_NorFlashIntel.o
                0x20001b90                intel_UnlockSector
 .text.intel_GetBlockLockStatus
                0x20001c2c       0x40 obj/sdram_NorFlashIntel.o
                0x20001c2c                intel_GetBlockLockStatus
 .text.intel_Program
                0x20001c6c      0x100 obj/sdram_NorFlashIntel.o
                0x20001c6c                intel_Program
 .text.INTEL_Reset
                0x20001d6c       0x1c obj/sdram_NorFlashIntel.o
                0x20001d6c                INTEL_Reset
 .text.INTEL_ReadManufactoryId
                0x20001d88       0x20 obj/sdram_NorFlashIntel.o
                0x20001d88                INTEL_ReadManufactoryId
 .text.INTEL_ReadDeviceID
                0x20001da8       0x20 obj/sdram_NorFlashIntel.o
                0x20001da8                INTEL_ReadDeviceID
 .text.INTEL_EraseSector
                0x20001dc8      0x150 obj/sdram_NorFlashIntel.o
                0x20001dc8                INTEL_EraseSector
 .text.INTEL_EraseChip
                0x20001f18       0x7c obj/sdram_NorFlashIntel.o
                0x20001f18                INTEL_EraseChip
 .text.INTEL_Write_Data
                0x20001f94      0x104 obj/sdram_NorFlashIntel.o
                0x20001f94                INTEL_Write_Data
 .text.PutChar  0x20002098        0xc obj/sdram_stdio.o
                0x20002098                PutChar
 .text.PutString
                0x200020a4       0x24 obj/sdram_stdio.o
                0x200020a4                PutString
 .text.PutUnsignedInt
                0x200020c8       0xd4 obj/sdram_stdio.o
                0x200020c8                PutUnsignedInt
 .text.PutSignedInt
                0x2000219c      0x120 obj/sdram_stdio.o
                0x2000219c                PutSignedInt
 .text.PutHexa  0x200022bc       0xb0 obj/sdram_stdio.o
                0x200022bc                PutHexa
 .text.vsnprintf
                0x2000236c      0x1d8 obj/sdram_stdio.o
                0x2000236c                vsnprintf
 .text.vsprintf
                0x20002544       0x2c obj/sdram_stdio.o
                0x20002544                vsprintf
 .text.vfprintf
                0x20002570       0x9c obj/sdram_stdio.o
                0x20002570                vfprintf
 .text.vprintf  0x2000260c       0x38 obj/sdram_stdio.o
                0x2000260c                vprintf
 .text.printf   0x20002644       0x30 obj/sdram_stdio.o
                0x20002644                printf
 .text.fputc    0x20002674       0x50 obj/sdram_trace.o
                0x20002674                fputc
 .text.fputs    0x200026c4       0x54 obj/sdram_trace.o
                0x200026c4                fputs
 .text.DBGU_Configure
                0x20002718       0x58 obj/sdram_dbgu.o
                0x20002718                DBGU_Configure
 .text.DBGU_PutChar
                0x20002770       0x28 obj/sdram_dbgu.o
                0x20002770                DBGU_PutChar
 .text.PIO_Configure
                0x20002798      0x124 obj/sdram_pio.o
                0x20002798                PIO_Configure
 .text.BOARD_ConfigureNorFlash
                0x200028bc       0x64 obj/sdram_board_memories.o
                0x200028bc                BOARD_ConfigureNorFlash
 .text          0x20002920      0x114 c:/program files/codesourcery/sourcery g++ lite/bin/../lib/gcc/arm-none-eabi/4.5.2\libgcc.a(_udivsi3.o)
                0x20002920                __aeabi_uidiv
                0x20002920                __udivsi3
                0x20002a14                __aeabi_uidivmod
 .text          0x20002a34        0x4 c:/program files/codesourcery/sourcery g++ lite/bin/../lib/gcc/arm-none-eabi/4.5.2\libgcc.a(_dvmd_tls.o)
                0x20002a34                __aeabi_idiv0
                0x20002a34                __aeabi_ldiv0
 .text          0x20002a38      0x1c0 c:/program files/codesourcery/sourcery g++ lite/bin/../lib/gcc/arm-none-eabi/4.5.2/../../../../arm-none-eabi/lib\libc.a(lib_a-memcpy.o)
                0x20002a38                memcpy
 *(.rodata*)
 .rodata        0x20002bf8       0x1c obj/sdram_main.o
 .rodata.str1.1
                0x20002c14      0x2f3 obj/sdram_main.o
 *fill*         0x20002f07        0x1 00
 .rodata        0x20002f08       0x30 obj/sdram_NorFlashCFI.o
                0x20002f08                amdOperations
                0x20002f20                intelOperations
 .rodata.str1.1
                0x20002f38      0x51e obj/sdram_NorFlashCFI.o
 .rodata.str1.1
                0x20003456       0x24 obj/sdram_stdio.o
 *(.glue_7)
 .glue_7        0x00000000        0x0 linker stubs
 *(.glue_7t)
 .glue_7t       0x00000000        0x0 linker stubs
 *(.data)
 .data          0x2000347a        0x2 obj/sdram_main.o
 *fill*         0x2000347c        0x4 00
 .data          0x20003480      0x430 obj/sdram_stdio.o
                0x20003480                _impure_ptr
                0x20003488                r
 .data          0x200038b0        0x4 obj/sdram_trace.o
                0x200038b0                traceLevel
 *(.CP15_*)
                0x200038b4                . = ALIGN (0x4)
                0x200038b4                _efixed = .

.vfp11_veneer   0x200038b4        0x0
 .vfp11_veneer  0x00000000        0x0 linker stubs

.v4_bx          0x200038b4        0x0
 .v4_bx         0x00000000        0x0 linker stubs

.prerelocate    0x00000000        0x0 load address 0x200038b4
                0x00000000                . = ALIGN (0x4)
                0x00000000                _sprerelocate = .
                0x00000000                . = ALIGN (0x4)
                0x00000000                _eprerelocate = .

.postrelocate   0x00200000        0x0 load address 0x200038b4
                0x00200000                . = ALIGN (0x4)
                0x00200000                _spostrelocate = .
 *(.vectors)
                0x00200000                . = ALIGN (0x4)
                0x00200000                _epostrelocate = .

.bss            0x200038b4       0x70
                0x200038b4                _szero = .
 *(.bss)
 .bss           0x200038b4       0x70 obj/sdram_main.o
                0x2000391c                memSize
                0x20003924                . = ALIGN (0x4)
                0x20003924                _ezero = .
                0x22000000                _sstack = 0x22000000
                0x20003924                end = .
OUTPUT(bin/applet-norflash-at91sam9260.elf elf32-littlearm)

.ARM.attributes
                0x00000000       0x2d
 .ARM.attributes
                0x00000000       0x18 obj/sdram_applet_cstartup.o
 .ARM.attributes
                0x00000018       0x34 obj/sdram_main.o
 .ARM.attributes
                0x0000004c       0x34 obj/sdram_NorFlashCommon.o
 .ARM.attributes
                0x00000080       0x34 obj/sdram_NorFlashCFI.o
 .ARM.attributes
                0x000000b4       0x34 obj/sdram_NorFlashApi.o
 .ARM.attributes
                0x000000e8       0x34 obj/sdram_NorFlashAmd.o
 .ARM.attributes
                0x0000011c       0x34 obj/sdram_NorFlashIntel.o
 .ARM.attributes
                0x00000150       0x34 obj/sdram_math.o
 .ARM.attributes
                0x00000184       0x34 obj/sdram_stdio.o
 .ARM.attributes
                0x000001b8       0x34 obj/sdram_trace.o
 .ARM.attributes
                0x000001ec       0x34 obj/sdram_dbgu.o
 .ARM.attributes
                0x00000220       0x34 obj/sdram_pio.o
 .ARM.attributes
                0x00000254       0x34 obj/sdram_board_memories.o
 .ARM.attributes
                0x00000288       0x34 obj/sdram_board_lowlevel.o
 .ARM.attributes
                0x000002bc       0x1a c:/program files/codesourcery/sourcery g++ lite/bin/../lib/gcc/arm-none-eabi/4.5.2\libgcc.a(_udivsi3.o)
 .ARM.attributes
                0x000002d6       0x18 c:/program files/codesourcery/sourcery g++ lite/bin/../lib/gcc/arm-none-eabi/4.5.2\libgcc.a(_dvmd_tls.o)
 .ARM.attributes
                0x000002ee       0x34 c:/program files/codesourcery/sourcery g++ lite/bin/../lib/gcc/arm-none-eabi/4.5.2/../../../../arm-none-eabi/lib\libc.a(lib_a-memcpy.o)

.comment        0x00000000       0x2a
 .comment       0x00000000       0x2a obj/sdram_main.o
                                 0x2b (size before relaxing)
 .comment       0x00000000       0x2b obj/sdram_NorFlashCommon.o
 .comment       0x00000000       0x2b obj/sdram_NorFlashCFI.o
 .comment       0x00000000       0x2b obj/sdram_NorFlashApi.o
 .comment       0x00000000       0x2b obj/sdram_NorFlashAmd.o
 .comment       0x00000000       0x2b obj/sdram_NorFlashIntel.o
 .comment       0x00000000       0x2b obj/sdram_math.o
 .comment       0x00000000       0x2b obj/sdram_stdio.o
 .comment       0x00000000       0x2b obj/sdram_trace.o
 .comment       0x00000000       0x2b obj/sdram_dbgu.o
 .comment       0x00000000       0x2b obj/sdram_pio.o
 .comment       0x00000000       0x2b obj/sdram_board_memories.o
 .comment       0x00000000       0x2b obj/sdram_board_lowlevel.o

.debug_line     0x00000000     0x17db
 .debug_line    0x00000000       0x65 obj/sdram_applet_cstartup.o
 .debug_line    0x00000065      0x228 obj/sdram_main.o
 .debug_line    0x0000028d       0x9a obj/sdram_NorFlashCommon.o
 .debug_line    0x00000327      0x354 obj/sdram_NorFlashCFI.o
 .debug_line    0x0000067b      0x11c obj/sdram_NorFlashApi.o
 .debug_line    0x00000797      0x1a6 obj/sdram_NorFlashAmd.o
 .debug_line    0x0000093d      0x1e9 obj/sdram_NorFlashIntel.o
 .debug_line    0x00000b26       0x7c obj/sdram_math.o
 .debug_line    0x00000ba2      0x3bb obj/sdram_stdio.o
 .debug_line    0x00000f5d      0x34b obj/sdram_trace.o
 .debug_line    0x000012a8       0xea obj/sdram_dbgu.o
 .debug_line    0x00001392      0x14a obj/sdram_pio.o
 .debug_line    0x000014dc      0x1f6 obj/sdram_board_memories.o
 .debug_line    0x000016d2      0x109 obj/sdram_board_lowlevel.o

.debug_info     0x00000000     0x5af6
 .debug_info    0x00000000       0x84 obj/sdram_applet_cstartup.o
 .debug_info    0x00000084      0x9e5 obj/sdram_main.o
 .debug_info    0x00000a69      0x1ad obj/sdram_NorFlashCommon.o
 .debug_info    0x00000c16      0x86a obj/sdram_NorFlashCFI.o
 .debug_info    0x00001480      0x578 obj/sdram_NorFlashApi.o
 .debug_info    0x000019f8      0x5d8 obj/sdram_NorFlashAmd.o
 .debug_info    0x00001fd0      0x727 obj/sdram_NorFlashIntel.o
 .debug_info    0x000026f7      0x11a obj/sdram_math.o
 .debug_info    0x00002811      0xed0 obj/sdram_stdio.o
 .debug_info    0x000036e1      0xc1d obj/sdram_trace.o
 .debug_info    0x000042fe      0x295 obj/sdram_dbgu.o
 .debug_info    0x00004593      0x77b obj/sdram_pio.o
 .debug_info    0x00004d0e      0xa9f obj/sdram_board_memories.o
 .debug_info    0x000057ad      0x349 obj/sdram_board_lowlevel.o

.debug_abbrev   0x00000000     0x12c6
 .debug_abbrev  0x00000000       0x14 obj/sdram_applet_cstartup.o
 .debug_abbrev  0x00000014      0x1a9 obj/sdram_main.o
 .debug_abbrev  0x000001bd       0xc8 obj/sdram_NorFlashCommon.o
 .debug_abbrev  0x00000285      0x1da obj/sdram_NorFlashCFI.o
 .debug_abbrev  0x0000045f      0x10a obj/sdram_NorFlashApi.o
 .debug_abbrev  0x00000569      0x170 obj/sdram_NorFlashAmd.o
 .debug_abbrev  0x000006d9      0x17d obj/sdram_NorFlashIntel.o
 .debug_abbrev  0x00000856       0xb1 obj/sdram_math.o
 .debug_abbrev  0x00000907      0x2c6 obj/sdram_stdio.o
 .debug_abbrev  0x00000bcd      0x240 obj/sdram_trace.o
 .debug_abbrev  0x00000e0d       0xe0 obj/sdram_dbgu.o
 .debug_abbrev  0x00000eed      0x1b5 obj/sdram_pio.o
 .debug_abbrev  0x000010a2      0x16c obj/sdram_board_memories.o
 .debug_abbrev  0x0000120e       0xb8 obj/sdram_board_lowlevel.o

.debug_aranges  0x00000000      0x440
 .debug_aranges
                0x00000000       0x20 obj/sdram_applet_cstartup.o
 .debug_aranges
                0x00000020       0x20 obj/sdram_main.o
 .debug_aranges
                0x00000040       0x30 obj/sdram_NorFlashCommon.o
 .debug_aranges
                0x00000070       0x80 obj/sdram_NorFlashCFI.o
 .debug_aranges
                0x000000f0       0x50 obj/sdram_NorFlashApi.o
 .debug_aranges
                0x00000140       0x60 obj/sdram_NorFlashAmd.o
 .debug_aranges
                0x000001a0       0x80 obj/sdram_NorFlashIntel.o
 .debug_aranges
                0x00000220       0x30 obj/sdram_math.o
 .debug_aranges
                0x00000250       0x88 obj/sdram_stdio.o
 .debug_aranges
                0x000002d8       0x60 obj/sdram_trace.o
 .debug_aranges
                0x00000338       0x38 obj/sdram_dbgu.o
 .debug_aranges
                0x00000370       0x40 obj/sdram_pio.o
 .debug_aranges
                0x000003b0       0x58 obj/sdram_board_memories.o
 .debug_aranges
                0x00000408       0x38 obj/sdram_board_lowlevel.o

.debug_loc      0x00000000     0x29ca
 .debug_loc     0x00000000      0x25c obj/sdram_main.o
 .debug_loc     0x0000025c       0x26 obj/sdram_NorFlashCommon.o
 .debug_loc     0x00000282      0x550 obj/sdram_NorFlashCFI.o
 .debug_loc     0x000007d2      0x300 obj/sdram_NorFlashApi.o
 .debug_loc     0x00000ad2      0x50e obj/sdram_NorFlashAmd.o
 .debug_loc     0x00000fe0      0x7b1 obj/sdram_NorFlashIntel.o
 .debug_loc     0x00001791       0x97 obj/sdram_math.o
 .debug_loc     0x00001828      0x8c7 obj/sdram_stdio.o
 .debug_loc     0x000020ef      0x4cb obj/sdram_trace.o
 .debug_loc     0x000025ba       0x64 obj/sdram_dbgu.o
 .debug_loc     0x0000261e      0x1ae obj/sdram_pio.o
 .debug_loc     0x000027cc      0x16a obj/sdram_board_memories.o
 .debug_loc     0x00002936       0x94 obj/sdram_board_lowlevel.o

.debug_pubnames
                0x00000000      0x8c7
 .debug_pubnames
                0x00000000       0x27 obj/sdram_main.o
 .debug_pubnames
                0x00000027       0x44 obj/sdram_NorFlashCommon.o
 .debug_pubnames
                0x0000006b      0x1df obj/sdram_NorFlashCFI.o
 .debug_pubnames
                0x0000024a       0xbb obj/sdram_NorFlashApi.o
 .debug_pubnames
                0x00000305       0xc1 obj/sdram_NorFlashAmd.o
 .debug_pubnames
                0x000003c6      0x132 obj/sdram_NorFlashIntel.o
 .debug_pubnames
                0x000004f8       0x2d obj/sdram_math.o
 .debug_pubnames
                0x00000525       0xdf obj/sdram_stdio.o
 .debug_pubnames
                0x00000604       0xae obj/sdram_trace.o
 .debug_pubnames
                0x000006b2       0x5a obj/sdram_dbgu.o
 .debug_pubnames
                0x0000070c       0x66 obj/sdram_pio.o
 .debug_pubnames
                0x00000772       0xeb obj/sdram_board_memories.o
 .debug_pubnames
                0x0000085d       0x6a obj/sdram_board_lowlevel.o

.debug_pubtypes
                0x00000000      0x72e
 .debug_pubtypes
                0x00000000       0xe3 obj/sdram_main.o
 .debug_pubtypes
                0x000000e3       0x12 obj/sdram_NorFlashCommon.o
 .debug_pubtypes
                0x000000f5       0xa2 obj/sdram_NorFlashCFI.o
 .debug_pubtypes
                0x00000197       0xa2 obj/sdram_NorFlashApi.o
 .debug_pubtypes
                0x00000239       0x7e obj/sdram_NorFlashAmd.o
 .debug_pubtypes
                0x000002b7       0x7e obj/sdram_NorFlashIntel.o
 .debug_pubtypes
                0x00000335       0x12 obj/sdram_math.o
 .debug_pubtypes
                0x00000347      0x11e obj/sdram_stdio.o
 .debug_pubtypes
                0x00000465       0xe6 obj/sdram_trace.o
 .debug_pubtypes
                0x0000054b       0x32 obj/sdram_dbgu.o
 .debug_pubtypes
                0x0000057d       0x55 obj/sdram_pio.o
 .debug_pubtypes
                0x000005d2       0xcc obj/sdram_board_memories.o
 .debug_pubtypes
                0x0000069e       0x90 obj/sdram_board_lowlevel.o

.debug_ranges   0x00000000      0x408
 .debug_ranges  0x00000000       0x28 obj/sdram_main.o
 .debug_ranges  0x00000028       0x20 obj/sdram_NorFlashCommon.o
 .debug_ranges  0x00000048       0x70 obj/sdram_NorFlashCFI.o
 .debug_ranges  0x000000b8       0x40 obj/sdram_NorFlashApi.o
 .debug_ranges  0x000000f8       0x88 obj/sdram_NorFlashAmd.o
 .debug_ranges  0x00000180       0xa8 obj/sdram_NorFlashIntel.o
 .debug_ranges  0x00000228       0x20 obj/sdram_math.o
 .debug_ranges  0x00000248       0x78 obj/sdram_stdio.o
 .debug_ranges  0x000002c0       0x50 obj/sdram_trace.o
 .debug_ranges  0x00000310       0x28 obj/sdram_dbgu.o
 .debug_ranges  0x00000338       0x60 obj/sdram_pio.o
 .debug_ranges  0x00000398       0x48 obj/sdram_board_memories.o
 .debug_ranges  0x000003e0       0x28 obj/sdram_board_lowlevel.o

.debug_str      0x00000000     0x1a58
 .debug_str     0x00000000      0x5ef obj/sdram_main.o
                                0x659 (size before relaxing)
 .debug_str     0x000005ef       0x87 obj/sdram_NorFlashCommon.o
                                0x16c (size before relaxing)
 .debug_str     0x00000676      0x23d obj/sdram_NorFlashCFI.o
                                0x5c1 (size before relaxing)
 .debug_str     0x000008b3       0xc6 obj/sdram_NorFlashApi.o
                                0x445 (size before relaxing)
 .debug_str     0x00000979       0xcb obj/sdram_NorFlashAmd.o
                                0x3ef (size before relaxing)
 .debug_str     0x00000a44      0x136 obj/sdram_NorFlashIntel.o
                                0x468 (size before relaxing)
 .debug_str     0x00000b7a       0x28 obj/sdram_math.o
                                0x109 (size before relaxing)
 .debug_str     0x00000ba2      0x48a obj/sdram_stdio.o
                                0x5b7 (size before relaxing)
 .debug_str     0x0000102c       0xbc obj/sdram_trace.o
                                0x582 (size before relaxing)
 .debug_str     0x000010e8      0x152 obj/sdram_dbgu.o
                                0x1cc (size before relaxing)
 .debug_str     0x0000123a      0x18b obj/sdram_pio.o
                                0x35c (size before relaxing)
 .debug_str     0x000013c5      0x4b0 obj/sdram_board_memories.o
                                0x69e (size before relaxing)
 .debug_str     0x00001875      0x1e3 obj/sdram_board_lowlevel.o
                                0x25d (size before relaxing)

.debug_frame    0x00000000      0xa4c
 .debug_frame   0x00000000       0x3c obj/sdram_main.o
 .debug_frame   0x0000003c       0x40 obj/sdram_NorFlashCommon.o
 .debug_frame   0x0000007c      0x124 obj/sdram_NorFlashCFI.o
 .debug_frame   0x000001a0       0xc4 obj/sdram_NorFlashApi.o
 .debug_frame   0x00000264      0x12c obj/sdram_NorFlashAmd.o
 .debug_frame   0x00000390      0x190 obj/sdram_NorFlashIntel.o
 .debug_frame   0x00000520       0x40 obj/sdram_math.o
 .debug_frame   0x00000560      0x1bc obj/sdram_stdio.o
 .debug_frame   0x0000071c      0x11c obj/sdram_trace.o
 .debug_frame   0x00000838       0x5c obj/sdram_dbgu.o
 .debug_frame   0x00000894       0x68 obj/sdram_pio.o
 .debug_frame   0x000008fc       0xa8 obj/sdram_board_memories.o
 .debug_frame   0x000009a4       0x58 obj/sdram_board_lowlevel.o
 .debug_frame   0x000009fc       0x20 c:/program files/codesourcery/sourcery g++ lite/bin/../lib/gcc/arm-none-eabi/4.5.2\libgcc.a(_udivsi3.o)
 .debug_frame   0x00000a1c       0x30 c:/program files/codesourcery/sourcery g++ lite/bin/../lib/gcc/arm-none-eabi/4.5.2/../../../../arm-none-eabi/lib\libc.a(lib_a-memcpy.o)
